../Core/Src/main.c:271:6:SystemClock_Config	88	static,ignoring_inline_asm
../Core/Src/main.c:631:6:setChargerTxData	4	static
../Core/Src/main.c:668:6:CELLVAL_message	24	static
../Core/Src/main.c:703:6:BMSSTAT_message	0	static
../Core/Src/main.c:712:6:BMSVINF_message	24	static
../Core/Src/main.c:735:6:BMSTINF_message	32	static
../Core/Src/main.c:768:6:PACKSTAT_message	16	static
../Core/Src/main.c:132:5:main	328	static,ignoring_inline_asm
../Core/Src/main.c:787:6:HAL_CAN_RxFifo0MsgPendingCallback	8	static
../Core/Src/main.c:853:6:Error_Handler	0	static,ignoring_inline_asm
