../Core/Src/stm32f4xx_hal_msp.c:65:6:HAL_MspInit	8	static
../Core/Src/stm32f4xx_hal_msp.c:88:6:HAL_CAN_MspInit	40	static
../Core/Src/stm32f4xx_hal_msp.c:127:6:HAL_CAN_MspDeInit	8	static
../Core/Src/stm32f4xx_hal_msp.c:158:6:HAL_SPI_MspInit	56	static
../Core/Src/stm32f4xx_hal_msp.c:245:6:HAL_SPI_MspDeInit	0	static
../Core/Src/stm32f4xx_hal_msp.c:313:6:HAL_TIM_PWM_MspInit	8	static
../Core/Src/stm32f4xx_hal_msp.c:340:6:HAL_TIM_MspPostInit	40	static
../Core/Src/stm32f4xx_hal_msp.c:392:6:HAL_TIM_PWM_MspDeInit	0	static
